# Converted from gem5 write trace
# Replay format: 0 ADDRESS | 1 ADDRESS DATA WRITE_STROBE
0 00094de0
0 00094de4
1 00094dd8 00000000 f
1 00094ddc 00000000 f
1 00094dd0 ffffedd8 f
1 00094dd4 00007fff f
1 00094dc8 004001ba f
1 00094dcc 00000000 f
1 00094dc0 00000000 f
1 00094dc4 00000000 f
1 00094db8 00000000 f
1 00094dbc 00000000 f
0 00094dd0
0 00094dd4
1 00094db0 00000000 f
1 00094db4 00000000 f
0 00094e08
0 00094e0c
1 00094da8 00000000 f
1 00094dac 00000000 f
1 00094da0 00000000 f
1 00094da4 00000000 f
1 00094d98 00000000 f
1 00094d9c 00000000 f
1 00094bb8 00400274 f
1 00094bbc 00000000 f
1 00094bb0 00409ff0 f
1 00094bb4 00000000 f
1 00094ba8 0040a060 f
1 00094bac 00000000 f
1 000807b0 00000000 f
1 00092df8 ffffee08 f
1 00092dfc 00007fff f
1 0007f9f8 ffffedd8 f
1 0007f9fc 00007fff f
0 00094e10
0 00094e14
1 00094b98 00409a81 f
1 00094b9c 00000000 f
0 000807b0
0 00094b98
0 00094b9c
0 00094e20
0 00094e24
0 00094e28
0 00094e2c
0 0005ebe8
0 0005ebec
0 00094e28
0 00094e2c
1 00092e70 078bfbff f
1 00092e74 00000000 f
0 00094e30
0 00094e34
0 00094e38
0 00094e3c
0 0005eb98
0 0005eb9c
0 00094e38
0 00094e3c
0 00094e40
0 00094e44
1 00093540 00001000 f
1 00093544 00000000 f
0 00094e48
0 00094e4c
0 0005ebf0
0 0005ebf4
0 00094e48
0 00094e4c
0 00094e50
0 00094e54
1 000934f0 00000064 f
0 00094e58
0 00094e5c
0 0005eb80
0 0005eb84
0 00094e58
0 00094e5c
0 00094e60
0 00094e64
1 000934e0 00400040 f
1 000934e4 00000000 f
0 00094e68
0 00094e6c
0 0005eb88
0 0005eb8c
0 000807b0
0 00094b98
0 00094b9c
0 00094e70
0 00094e74
0 00094e78
0 00094e7c
0 0005eb90
0 0005eb94
0 00094e78
0 00094e7c
0 00094e80
0 00094e84
1 00093510 00000005 f
1 00093514 00000000 f
0 00094e88
0 00094e8c
0 0005eba0
0 0005eba4
0 000807b0
0 00094b98
0 00094b9c
0 00094e90
0 00094e94
0 00094e98
0 00094e9c
0 0005eba8
0 0005ebac
0 000807b0
0 00094b98
0 00094b9c
0 00094ea0
0 00094ea4
0 00094ea8
0 00094eac
0 0005ebb0
0 0005ebb4
0 00094eb0
0 00094eb4
0 00094eb8
0 00094ebc
0 0005ebc0
0 0005ebc4
0 00094eb8
0 00094ec0
0 00094ec4
0 00094ec8
0 00094ecc
0 0005ebc8
0 0005ebcc
0 00094ec8
0 00094ed0
0 00094ed4
0 0005ebd0
0 0005ebd4
0 00094ed8
0 00094ee0
0 00094ee4
0 0005ebd8
0 0005ebdc
0 00094ee8
0 00094ef0
0 00094ef4
0 00094ef8
0 00094efc
0 0005ec20
0 0005ec24
1 00093590 00000001 f
1 0007fa00 00000000 f
0 00094f00
0 00094f04
0 00094f10
0 00094f14
0 00094f20
0 00094f24
0 00094f28
0 00094f2c
0 0005ebe0
0 0005ebe4
0 00094f30
0 00094f34
0 000807b0
0 00094b98
0 00094b9c
1 00094b98 00409aa6 f
1 00094b9c 00000000 f
0 00094b98
0 00094b9c
0 00094c40
0 00094c40
0 00094c44
0 00094c44
0 00094c44
0 00094c44
1 00093530 00050100 f
1 00094b98 00409b3a f
1 00094b9c 00000000 f
1 00094b80 00000003 f
1 00094b84 00000000 f
1 00094b88 ffffede8 f
1 00094b8c 00007fff f
1 00094b90 00000000 f
1 00094b94 00000000 f
0 00093510
0 00093514
1 00094b68 ffffebc0 f
1 00094b6c 00007fff f
0 000934e0
0 000934e4
1 00094b70 00000000 f
1 00094b74 00000000 f
1 00094b78 ffffec42 f
1 00094b7c 00007fff f
1 00094b60 00000000 f
1 00094b64 00000000 f
0 00000040
1 00094b58 00000000 f
1 00094b5c 00000000 f
1 00094b50 00000008 f
1 00094b54 00000000 f
0 00000078
0 000000b0
0 000000e8
0 00000120
0 00094b68
0 00094b6c
0 00094b70
0 00094b74
0 00094b90
0 00094b94
0 00094b78
0 00094b7c
0 00094b80
0 00094b84
0 00094b88
0 00094b8c
0 00094b98
0 00094b9c
0 00092df8
0 00092dfc
1 00094b98 00409b5d f
1 00094b9c 00000000 f
1 00094b80 ffffebc0 f
1 00094b84 00007fff f
1 00094b88 00000000 f
1 00094b8c 00000000 f
1 00094b90 ffffec42 f
1 00094b94 00007fff f
1 000807b0 00000000 f
0 000809e0
1 00094b78 0041626d f
1 00094b7c 00000000 f
1 00094b74 037f0000 c
1 00094b74 037f0000 c
0 00094b74
0 00094b78
0 00094b7c
1 00093598 00000003 f
1 000935a0 ffffede8 f
1 000935a4 00007fff f
1 00092df8 ffffee08 f
1 00092dfc 00007fff f
1 00094b78 0041623c f
1 00094b7c 00000000 f
1 00094b68 ffffee08 f
1 00094b6c 00007fff f
1 00094b70 ffffede8 f
1 00094b74 00007fff f
0 00094b68
0 00094b6c
0 00093590
0 00094b70
0 00094b74
0 00094b78
0 00094b7c
1 00094b78 00416241 f
1 00094b7c 00000000 f
1 00094b70 00000003 f
1 00094b74 00000000 f
1 00094b68 00000003 f
1 00094b6c 00000000 f
1 00094b60 ffffede8 f
1 00094b64 00007fff f
1 00094b58 ffffee08 f
1 00094b5c 00007fff f
0 00093540
0 00093544
1 000934c0 0000418f f
1 000934c4 00000000 f
1 00094b48 00415cb3 f
1 00094b4c 00000000 f
1 00094b30 00000003 f
1 00094b34 00000000 f
1 00094b40 ffffede8 f
1 00094b44 00007fff f
1 00094b20 00471707 f
1 00094b24 00000000 f
1 00094b28 ffffede8 f
1 00094b2c 00007fff f
1 00094b38 00000003 f
1 00094b3c 00000000 f
1 00094b18 0041a345 f
1 00094b1c 00000000 f
0 0005ed48
0 0005ed48
0 0005ed48
0 0005ed4c
0 0005ed4c
0 0005ed4c
0 0005ed4c
0 0005ed50
0 0005ed54
0 00092df8
0 00092dfc
0 00094b30
0 00094b34
0 00094b18
0 00094b1c
0 0005ed48
0 0005ed48
0 00094e08
0 00094e0c
0 0005ed48
0 00094b30
0 00094b34
0 00094b20
0 00094b24
0 00094b40
0 00094b44
0 00094b28
0 00094b2c
0 00094b38
0 00094b3c
0 00094b48
0 00094b4c
0 00071704
1 00093508 00000000 f
1 00094b48 00415cd3 f
1 00094b4c 00000000 f
1 00094b30 00000003 f
1 00094b34 00000000 f
1 00094b40 ffffede8 f
1 00094b44 00007fff f
1 00094b20 00471707 f
1 00094b24 00000000 f
1 00094b28 ffffede8 f
1 00094b2c 00007fff f
1 00094b38 00000003 f
1 00094b3c 00000000 f
1 00094b18 0041a345 f
1 00094b1c 00000000 f
0 0005ed50
0 0005ed50
0 0005ed50
0 0005ed54
0 0005ed54
0 0005ed54
0 0005ed54
0 0005ed58
0 0005ed5c
0 0005ed60
0 0005ed64
0 00092df8
0 00092dfc
0 00094b18
0 00094b1c
0 0005ed50
0 0005ed50
0 00094e08
0 00094e0c
0 0005ed50
0 00094b30
0 00094b34
0 00094b20
0 00094b24
0 00094b40
0 00094b44
0 00094b28
0 00094b2c
0 00094b38
0 00094b3c
0 00094b48
0 00094b4c
1 00094b48 00415cdb f
1 00094b4c 00000000 f
1 00094b40 ffffede8 f
1 00094b44 00007fff f
1 00094b38 00000003 f
1 00094b3c 00000000 f
1 00094b30 00000003 f
1 00094b34 00000000 f
1 00094b28 00471707 f
1 00094b2c 00000000 f
0 000934a0
0 000934a4
0 000934d0
0 000934d4
1 00094b18 00432d1d f
1 00094b1c 00000000 f
1 00092e88 00000000 f
1 00092e8c 00000000 f
1 00092e80 00592e90 f
1 00092e84 00000000 f
1 0007fa38 00000001 f
1 0007fa3c 00000000 f
1 0007fa30 00592e80 f
1 0007fa34 00000000 f
1 00094b18 00432d2e f
1 00094b1c 00000000 f
1 00094b08 00000003 f
1 00094b0c 00000000 f
1 00094af8 00471707 f
1 00094afc 00000000 f
1 00094b00 ffffeb40 f
1 00094b04 00007fff f
0 00094af8
0 00094afc
1 00094b10 00000000 f
1 00094b14 00000000 f
0 00094b18
0 00094b1c
0 00094b00
0 00094b04
0 00094b08
0 00094b0c
0 000806f8
0 000806fc
1 00094b10 00471707 f
1 00094b14 00000000 f
1 000806f8 00000000 f
1 000806fc 00000000 f
1 00094b08 004105f4 f
1 00094b0c 00000000 f
1 00094af0 00000018 f
1 00094af4 00000000 f
1 00094af8 ffffeb40 f
1 00094afc 00007fff f
1 00094b00 00000003 f
1 00094b04 00000000 f
0 000806e0
1 000806e0 00000000 f
1 00092d48 00020000 f
1 00092d4c 00000000 f
1 00092d5c 00010000 f
1 00092d50 00020000 f
1 00092d54 00000000 f
1 00092d40 00020000 f
1 00092d44 00000000 f
1 00094ad8 00410310 f
1 00094adc 00000000 f
0 00093540
0 00093544
0 00094ad8
0 00094adc
1 00092d64 00001000 f
1 00092480 00000000 f
1 00092d28 00592480 f
1 00092d2c 00000000 f
1 00092da0 00000000 f
1 00092478 00592480 f
1 0009247c 00000000 f
0 0007fb08
0 0007fb0c
1 00094ad8 0041038b f
1 00094adc 00000000 f
1 00094aa8 00000000 f
1 00094aac 00000000 f
1 00094ab0 ffffeb40 f
1 00094ab4 00007fff f
1 00094ab8 00000003 f
1 00094abc 00000000 f
1 00094ac0 00000000 f
1 00094ac4 00000000 f
1 00094ac8 ffffede8 f
1 00094acc 00007fff f
1 00094ad0 00000000 f
1 00094ad4 00000000 f
1 00094aa0 0040c750 f
1 00094aa4 00000000 f
1 00094a98 00414415 f
1 00094a9c 00000000 f
1 00094a88 00000000 f
1 00094a8c 00000000 f
0 000806f8
0 000806fc
1 00094a78 00000000 f
1 00094a7c 00000000 f
1 00094a80 00000000 f
1 00094a84 00000000 f
1 00094a90 0040c580 f
1 00094a94 00000000 f
0 00092478
0 0009247c
0 00092480
1 00092480 00000001 f
1 00094a68 0040f9f8 f
1 00094a6c 00000000 f
1 00094a60 0040c680 f
1 00094a64 00000000 f
1 00094a58 00000000 f
1 00094a5c 00000000 f
1 00094a50 0040c580 f
1 00094a54 00000000 f
1 00094a48 00000020 f
1 00094a4c 00000000 f
0 000924a8
0 000924ac
1 00094a40 00592480 f
1 00094a44 00000000 f
1 00094a38 00592480 f
1 00094a3c 00000000 f
1 00094a30 00000020 f
1 00094a34 00000000 f
1 00094a30 00000030 f
1 00094a34 00000000 f
0 00094a30
0 00094a34
0 00094a30
0 00094a30
0 00094a34
0 00092580
0 00092584
1 000949e8 0040e094 f
1 000949ec 00000000 f
1 000949e0 00000006 f
1 000949e4 00000000 f
1 000949d8 00000000 f
1 000949dc 00000000 f
1 000949d0 00592480 f
1 000949d4 00000000 f
0 000924a8
0 000924ac
1 000949c8 00000000 f
1 000949cc 00000000 f
1 000949c0 00592480 f
1 000949c4 00000000 f
1 000949b8 00592480 f
1 000949bc 00000000 f
0 000949b8
0 000949bc
0 000949c0
0 000949c4
0 000949c8
0 000949cc
0 000949d0
0 000949d4
0 000949d8
0 000949dc
0 000949e0
0 000949e4
1 00092530 00592518 f
1 00092534 00000000 f
1 00092528 00592518 f
1 0009252c 00000000 f
1 00092540 00592528 f
1 00092544 00000000 f
1 00092538 00592528 f
1 0009253c 00000000 f
1 00092550 00592538 f
1 00092554 00000000 f
1 00092548 00592538 f
1 0009254c 00000000 f
1 00092560 00592548 f
1 00092564 00000000 f
1 00092558 00592548 f
1 0009255c 00000000 f
1 00092570 00592558 f
1 00092574 00000000 f
1 00092568 00592558 f
1 0009256c 00000000 f
1 00092580 00592568 f
1 00092584 00000000 f
1 00092578 00592568 f
1 0009257c 00000000 f
1 00092590 00592578 f
1 00092594 00000000 f
1 00092588 00592578 f
1 0009258c 00000000 f
1 000925a0 00592588 f
1 000925a4 00000000 f
1 00092598 00592588 f
1 0009259c 00000000 f
1 000925b0 00592598 f
1 000925b4 00000000 f
1 000925a8 00592598 f
1 000925ac 00000000 f
1 000925c0 005925a8 f
1 000925c4 00000000 f
1 000925b8 005925a8 f
1 000925bc 00000000 f
1 000925d0 005925b8 f
1 000925d4 00000000 f
1 000925c8 005925b8 f
1 000925cc 00000000 f
1 000925e0 005925c8 f
1 000925e4 00000000 f
1 000925d8 005925c8 f
1 000925dc 00000000 f
1 000925f0 005925d8 f
1 000925f4 00000000 f
1 000925e8 005925d8 f
1 000925ec 00000000 f
1 00092600 005925e8 f
1 00092604 00000000 f
1 000925f8 005925e8 f
1 000925fc 00000000 f
1 00092610 005925f8 f
1 00092614 00000000 f
1 00092608 005925f8 f
1 0009260c 00000000 f
1 00092620 00592608 f
1 00092624 00000000 f
1 00092618 00592608 f
1 0009261c 00000000 f
1 00092630 00592618 f
1 00092634 00000000 f
1 00092628 00592618 f
1 0009262c 00000000 f
1 00092640 00592628 f
1 00092644 00000000 f
1 00092638 00592628 f
1 0009263c 00000000 f
1 00092650 00592638 f
1 00092654 00000000 f
1 00092648 00592638 f
1 0009264c 00000000 f
1 00092660 00592648 f
1 00092664 00000000 f
1 00092658 00592648 f
1 0009265c 00000000 f
1 00092670 00592658 f
1 00092674 00000000 f
1 00092668 00592658 f
1 0009266c 00000000 f
1 00092680 00592668 f
1 00092684 00000000 f
1 00092678 00592668 f
1 0009267c 00000000 f
1 00092690 00592678 f
1 00092694 00000000 f
1 00092688 00592678 f
1 0009268c 00000000 f
1 000926a0 00592688 f
1 000926a4 00000000 f
1 00092698 00592688 f
1 0009269c 00000000 f
1 000926b0 00592698 f
1 000926b4 00000000 f
1 000926a8 00592698 f
1 000926ac 00000000 f
1 000926c0 005926a8 f
1 000926c4 00000000 f
1 000926b8 005926a8 f
1 000926bc 00000000 f
1 000926d0 005926b8 f
1 000926d4 00000000 f
1 000926c8 005926b8 f
1 000926cc 00000000 f
1 000926e0 005926c8 f
1 000926e4 00000000 f
1 000926d8 005926c8 f
1 000926dc 00000000 f
1 000926f0 005926d8 f
1 000926f4 00000000 f
1 000926e8 005926d8 f
1 000926ec 00000000 f
1 00092700 005926e8 f
1 00092704 00000000 f
1 000926f8 005926e8 f
1 000926fc 00000000 f
1 00092710 005926f8 f
1 00092714 00000000 f
1 00092708 005926f8 f
1 0009270c 00000000 f
1 00092720 00592708 f
1 00092724 00000000 f
1 00092718 00592708 f
1 0009271c 00000000 f
1 00092730 00592718 f
1 00092734 00000000 f
1 00092728 00592718 f
1 0009272c 00000000 f
1 00092740 00592728 f
1 00092744 00000000 f
1 00092738 00592728 f
1 0009273c 00000000 f
1 00092750 00592738 f
1 00092754 00000000 f
1 00092748 00592738 f
1 0009274c 00000000 f
1 00092760 00592748 f
1 00092764 00000000 f
1 00092758 00592748 f
1 0009275c 00000000 f
1 00092770 00592758 f
1 00092774 00000000 f
1 00092768 00592758 f
1 0009276c 00000000 f
1 00092780 00592768 f
1 00092784 00000000 f
1 00092778 00592768 f
1 0009277c 00000000 f
1 00092790 00592778 f
1 00092794 00000000 f
1 00092788 00592778 f
1 0009278c 00000000 f
1 000927a0 00592788 f
1 000927a4 00000000 f
1 00092798 00592788 f
1 0009279c 00000000 f
1 000927b0 00592798 f
1 000927b4 00000000 f
1 000927a8 00592798 f
1 000927ac 00000000 f
1 000927c0 005927a8 f
1 000927c4 00000000 f
1 000927b8 005927a8 f
1 000927bc 00000000 f
1 000927d0 005927b8 f
1 000927d4 00000000 f
1 000927c8 005927b8 f
1 000927cc 00000000 f
1 000927e0 005927c8 f
1 000927e4 00000000 f
1 000927d8 005927c8 f
1 000927dc 00000000 f
1 000927f0 005927d8 f
1 000927f4 00000000 f
1 000927e8 005927d8 f
1 000927ec 00000000 f
1 00092800 005927e8 f
1 00092804 00000000 f
1 000927f8 005927e8 f
1 000927fc 00000000 f
1 00092810 005927f8 f
1 00092814 00000000 f
1 00092808 005927f8 f
1 0009280c 00000000 f
1 00092820 00592808 f
1 00092824 00000000 f
1 00092818 00592808 f
1 0009281c 00000000 f
1 00092830 00592818 f
1 00092834 00000000 f
1 00092828 00592818 f
1 0009282c 00000000 f
1 00092840 00592828 f
1 00092844 00000000 f
1 00092838 00592828 f
1 0009283c 00000000 f
1 00092850 00592838 f
1 00092854 00000000 f
1 00092848 00592838 f
1 0009284c 00000000 f
1 00092860 00592848 f
1 00092864 00000000 f
1 00092858 00592848 f
1 0009285c 00000000 f
1 00092870 00592858 f
1 00092874 00000000 f
1 00092868 00592858 f
1 0009286c 00000000 f
1 00092880 00592868 f
1 00092884 00000000 f
1 00092878 00592868 f
1 0009287c 00000000 f
1 00092890 00592878 f
1 00092894 00000000 f
1 00092888 00592878 f
1 0009288c 00000000 f
1 000928a0 00592888 f
1 000928a4 00000000 f
1 00092898 00592888 f
1 0009289c 00000000 f
1 000928b0 00592898 f
1 000928b4 00000000 f
1 000928a8 00592898 f
1 000928ac 00000000 f
1 000928c0 005928a8 f
1 000928c4 00000000 f
1 000928b8 005928a8 f
1 000928bc 00000000 f
1 000928d0 005928b8 f
1 000928d4 00000000 f
1 000928c8 005928b8 f
1 000928cc 00000000 f
1 000928e0 005928c8 f
1 000928e4 00000000 f
1 000928d8 005928c8 f
1 000928dc 00000000 f
1 000928f0 005928d8 f
1 000928f4 00000000 f
1 000928e8 005928d8 f
1 000928ec 00000000 f
1 00092900 005928e8 f
1 00092904 00000000 f
1 000928f8 005928e8 f
1 000928fc 00000000 f
1 00092910 005928f8 f
1 00092914 00000000 f
1 00092908 005928f8 f
1 0009290c 00000000 f
1 00092920 00592908 f
1 00092924 00000000 f
1 00092918 00592908 f
1 0009291c 00000000 f
1 00092930 00592918 f
1 00092934 00000000 f
1 00092928 00592918 f
1 0009292c 00000000 f
1 00092940 00592928 f
1 00092944 00000000 f
1 00092938 00592928 f
1 0009293c 00000000 f
1 00092950 00592938 f
1 00092954 00000000 f
1 00092948 00592938 f
1 0009294c 00000000 f
1 00092960 00592948 f
1 00092964 00000000 f
1 00092958 00592948 f
1 0009295c 00000000 f
1 00092970 00592958 f
1 00092974 00000000 f
1 00092968 00592958 f
1 0009296c 00000000 f
1 00092980 00592968 f
1 00092984 00000000 f
1 00092978 00592968 f
1 0009297c 00000000 f
1 00092990 00592978 f
1 00092994 00000000 f
1 00092988 00592978 f
1 0009298c 00000000 f
1 000929a0 00592988 f
1 000929a4 00000000 f
1 00092998 00592988 f
1 0009299c 00000000 f
1 000929b0 00592998 f
1 000929b4 00000000 f
1 000929a8 00592998 f
1 000929ac 00000000 f
1 000929c0 005929a8 f
1 000929c4 00000000 f
1 000929b8 005929a8 f
1 000929bc 00000000 f
1 000929d0 005929b8 f
1 000929d4 00000000 f
1 000929c8 005929b8 f
1 000929cc 00000000 f
1 000929e0 005929c8 f
1 000929e4 00000000 f
1 000929d8 005929c8 f
1 000929dc 00000000 f
1 000929f0 005929d8 f
1 000929f4 00000000 f
1 000929e8 005929d8 f
1 000929ec 00000000 f
1 00092a00 005929e8 f
1 00092a04 00000000 f
1 000929f8 005929e8 f
1 000929fc 00000000 f
1 00092a10 005929f8 f
1 00092a14 00000000 f
1 00092a08 005929f8 f
1 00092a0c 00000000 f
1 00092a20 00592a08 f
1 00092a24 00000000 f
1 00092a18 00592a08 f
1 00092a1c 00000000 f
1 00092a30 00592a18 f
1 00092a34 00000000 f
1 00092a28 00592a18 f
1 00092a2c 00000000 f
1 00092a40 00592a28 f
1 00092a44 00000000 f
1 00092a38 00592a28 f
1 00092a3c 00000000 f
1 00092a50 00592a38 f
1 00092a54 00000000 f
1 00092a48 00592a38 f
1 00092a4c 00000000 f
1 00092a60 00592a48 f
1 00092a64 00000000 f
1 00092a58 00592a48 f
1 00092a5c 00000000 f
1 00092a70 00592a58 f
1 00092a74 00000000 f
1 00092a68 00592a58 f
1 00092a6c 00000000 f
1 00092a80 00592a68 f
1 00092a84 00000000 f
1 00092a78 00592a68 f
1 00092a7c 00000000 f
1 00092a90 00592a78 f
1 00092a94 00000000 f
1 00092a88 00592a78 f
1 00092a8c 00000000 f
1 00092aa0 00592a88 f
1 00092aa4 00000000 f
1 00092a98 00592a88 f
1 00092a9c 00000000 f
1 00092ab0 00592a98 f
1 00092ab4 00000000 f
1 00092aa8 00592a98 f
1 00092aac 00000000 f
1 00092ac0 00592aa8 f
1 00092ac4 00000000 f
1 00092ab8 00592aa8 f
1 00092abc 00000000 f
1 00092ad0 00592ab8 f
1 00092ad4 00000000 f
1 00092ac8 00592ab8 f
1 00092acc 00000000 f
1 00092ae0 00592ac8 f
1 00092ae4 00000000 f
1 00092ad8 00592ac8 f
1 00092adc 00000000 f
1 00092af0 00592ad8 f
1 00092af4 00000000 f
1 00092ae8 00592ad8 f
1 00092aec 00000000 f
1 00092b00 00592ae8 f
1 00092b04 00000000 f
1 00092af8 00592ae8 f
1 00092afc 00000000 f
1 00092b10 00592af8 f
1 00092b14 00000000 f
1 00092b08 00592af8 f
1 00092b0c 00000000 f
1 00092b20 00592b08 f
1 00092b24 00000000 f
1 00092b18 00592b08 f
1 00092b1c 00000000 f
1 00092b30 00592b18 f
1 00092b34 00000000 f
1 00092b28 00592b18 f
1 00092b2c 00000000 f
1 00092b40 00592b28 f
1 00092b44 00000000 f
1 00092b38 00592b28 f
1 00092b3c 00000000 f
1 00092b50 00592b38 f
1 00092b54 00000000 f
1 00092b48 00592b38 f
1 00092b4c 00000000 f
1 00092b60 00592b48 f
1 00092b64 00000000 f
1 00092b58 00592b48 f
1 00092b5c 00000000 f
1 00092b70 00592b58 f
1 00092b74 00000000 f
1 00092b68 00592b58 f
1 00092b6c 00000000 f
1 00092b80 00592b68 f
1 00092b84 00000000 f
1 00092b78 00592b68 f
1 00092b7c 00000000 f
1 00092b90 00592b78 f
1 00092b94 00000000 f
1 00092b88 00592b78 f
1 00092b8c 00000000 f
1 00092ba0 00592b88 f
1 00092ba4 00000000 f
1 00092b98 00592b88 f
1 00092b9c 00000000 f
1 00092bb0 00592b98 f
1 00092bb4 00000000 f
1 00092ba8 00592b98 f
1 00092bac 00000000 f
1 00092bc0 00592ba8 f
1 00092bc4 00000000 f
1 00092bb8 00592ba8 f
1 00092bbc 00000000 f
1 00092bd0 00592bb8 f
1 00092bd4 00000000 f
1 00092bc8 00592bb8 f
1 00092bcc 00000000 f
1 00092be0 00592bc8 f
1 00092be4 00000000 f
1 00092bd8 00592bc8 f
1 00092bdc 00000000 f
1 00092bf0 00592bd8 f
1 00092bf4 00000000 f
1 00092be8 00592bd8 f
1 00092bec 00000000 f
1 00092c00 00592be8 f
1 00092c04 00000000 f
1 00092bf8 00592be8 f
1 00092bfc 00000000 f
1 00092c10 00592bf8 f
1 00092c14 00000000 f
1 00092c08 00592bf8 f
1 00092c0c 00000000 f
1 00092c20 00592c08 f
1 00092c24 00000000 f
1 00092c18 00592c08 f
1 00092c1c 00000000 f
1 00092c30 00592c18 f
1 00092c34 00000000 f
1 00092c28 00592c18 f
1 00092c2c 00000000 f
1 00092c40 00592c28 f
1 00092c44 00000000 f
1 00092c38 00592c28 f
1 00092c3c 00000000 f
1 00092c50 00592c38 f
1 00092c54 00000000 f
1 00092c48 00592c38 f
1 00092c4c 00000000 f
1 00092c60 00592c48 f
1 00092c64 00000000 f
0 000924a8
0 000924ac
0 000949e8
0 000949ec
1 00092c58 00592c48 f
1 00092c5c 00000000 f
1 00092c70 00592c58 f
1 00092c74 00000000 f
1 00092c68 00592c58 f
1 00092c6c 00000000 f
1 00092c80 00592c68 f
1 00092c84 00000000 f
1 00092c78 00592c68 f
1 00092c7c 00000000 f
0 00094a30
0 00094a34
1 00092c90 00592c78 f
1 00092c94 00000000 f
0 00094a30
0 00094a34
1 00092c88 00592c78 f
1 00092c8c 00000000 f
1 00092ca0 00592c88 f
1 00092ca4 00000000 f
1 00092c98 00592c88 f
1 00092c9c 00000000 f
1 00092cb0 00592c98 f
1 00092cb4 00000000 f
1 00092ca8 00592c98 f
1 00092cac 00000000 f
0 00092530
0 00092534
1 00092cc0 00592ca8 f
1 00092cc4 00000000 f
1 00092cb8 00592ca8 f
1 00092cbc 00000000 f
1 00092cd0 00592cb8 f
1 00092cd4 00000000 f
1 00092cc8 00592cb8 f
1 00092ccc 00000000 f
1 00092ce0 00592cc8 f
1 00092ce4 00000000 f
1 00092cd8 00592cc8 f
1 00092cdc 00000000 f
1 00092cf0 00592cd8 f
1 00092cf4 00000000 f
1 00092ce8 00592cd8 f
1 00092cec 00000000 f
0 00094a30
0 00094a34
1 00092d00 00592ce8 f
1 00092d04 00000000 f
1 00092cf8 00592ce8 f
1 00092cfc 00000000 f
1 00092d10 00592cf8 f
1 00092d14 00000000 f
1 00092d08 00592cf8 f
1 00092d0c 00000000 f
1 000924a8 00000051 f
1 000924ac 00000000 f
1 00092508 00592518 f
1 0009250c 00000000 f
1 00094a28 00000031 f
1 00094a2c 00000000 f
0 00092d18
1 000949f8 00000031 f
1 000949fc 00000000 f
1 000949f0 00000050 f
1 000949f4 00000000 f
0 00092d1c
0 00092d20
0 00092d24
0 00092508
0 0009250c
0 000924a8
0 000949f0
0 000949f4
0 00092520
0 00092524
0 00092d64
0 00094a30
0 00094a34
0 00092d50
0 00092d54
1 00094a08 00000fff f
1 00094a0c 00000000 f
0 00092520
0 00092524
1 00094a20 00592518 f
1 00094a24 00000000 f
1 00094a10 00000000 f
1 00094a14 00000000 f
1 00094a18 00592518 f
1 00094a1c 00000000 f
0 00094a30
0 00094a34
0 00092d48
0 00092d4c
0 00094a08
0 00094a0c
0 000924a8
1 00094a00 fffff000 f
1 00094a04 ffffffff f
0 00080700
0 00080704
1 000949e8 0040e56c f
1 000949ec 00000000 f
1 000949d8 00411599 f
1 000949dc 00000000 f
1 000949c8 00592518 f
1 000949cc 00000000 f
1 000949d0 00021000 f
1 000949d4 00000000 f
0 000807b0
0 000930f0
0 000930f4
1 000949b8 004137ae f
1 000949bc 00000000 f
0 000949b8
0 000949bc
1 000949b0 00021000 f
1 000949b4 00000000 f
1 000949a8 00000000 f
1 000949ac 00000000 f
0 000949b8
0 000949bc
1 000930f0 00594000 f
1 000930f4 00000000 f
0 000949a8
0 000949ac
0 000930f0
0 000930f4
0 000949b0
0 000949b4
1 000949b8 004137e9 f
1 000949bc 00000000 f
1 000949b0 00021000 f
1 000949b4 00000000 f
1 000949a8 00594000 f
1 000949ac 00000000 f
0 000949b8
0 000949bc
1 000930f0 005b5000 f
1 000930f4 00000000 f
0 000949a8
0 000949ac
0 000949b0
0 000949b4
0 000949d0
0 000949d4
0 000949c8
0 000949cc
0 000949d8
0 000949dc
0 000949e8
0 000949ec
0 00092460
0 00092464
0 00092d80
0 00092d84
0 00092d30
0 00092d34
0 00094a18
0 00094a1c
0 00094a10
0 00094a14
1 00092d80 00594000 f
1 00092d84 00000000 f
0 000924a8
0 000924ac
1 00092d30 00021000 f
1 00092d34 00000000 f
0 00094a08
0 00094a0c
0 00094a00
0 00094a04
0 00080700
0 00080704
1 000949e8 0040e826 f
1 000949ec 00000000 f
1 000949d8 00411599 f
1 000949dc 00000000 f
0 000930f0
0 000930f4
1 000949c8 00594000 f
1 000949cc 00000000 f
1 000949d0 00021000 f
1 000949d4 00000000 f
0 000807b0
0 000949c8
0 000949cc
0 000949d0
0 000949d4
0 000949d8
0 000949dc
0 000949e8
0 000949ec
1 00094a10 005b5000 f
1 00094a14 00000000 f
0 00092460
0 00092464
0 00094a10
0 00094a14
0 00094a10
0 00094a14
0 00094a10
0 00094a14
1 00094a10 00021000 f
1 00094a14 00000000 f
1 00092508 00594000 f
1 0009250c 00000000 f
0 00094a10
0 00094a14
0 00092d30
0 00092d34
1 00096008 00021001 f
1 0009600c 00000000 f
0 00092d30
0 00092d34
1 00092d30 00021000 f
1 00092d34 00000000 f
0 00096008
0 0009600c
0 00092d38
0 00092d3c
0 000949f0
0 000949f4
0 00094a28
0 00094a2c
1 00092d38 00021000 f
1 00092d3c 00000000 f
0 00094a30
0 00094a34
0 00094a30
0 00094a34
1 00094a30 00000035 f
1 00094a34 00000000 f
0 00094a30
0 00094a34
1 00092508 00594030 f
1 0009250c 00000000 f
1 00096008 00000031 f
1 0009600c 00000000 f
0 00094a38
0 00094a3c
1 00096038 00020fd1 f
1 0009603c 00000000 f
0 00094a40
0 00094a44
0 00094a48
0 00094a4c
0 00094a50
0 00094a54
0 00094a58
0 00094a5c
0 00094a60
0 00094a64
0 00094a68
0 00094a6c
1 00092480 00000000 f
0 00094a78
0 00094a7c
0 00094a80
0 00094a84
0 00094a88
0 00094a8c
0 00094a90
0 00094a94
0 00094a98
0 00094a9c
1 00096020 0040c580 f
1 00096024 00000000 f
1 00096028 00000000 f
1 0009602c 00000000 f
1 00094a98 00414438 f
1 00094a9c 00000000 f
1 00094a88 00000000 f
1 00094a8c 00000000 f
1 00094a78 00594010 f
1 00094a7c 00000000 f
1 00094a80 00000000 f
1 00094a84 00000000 f
1 00094a90 0040c580 f
1 00094a94 00000000 f
0 00094a90
0 00094a94
0 00094a98
0 00094a9c
0 000806f8
0 000806fc
0 00092478
0 0009247c
0 00092480
1 00092480 00000001 f
1 00094a68 0040f9f8 f
1 00094a6c 00000000 f
0 000924a8
0 000924ac
1 00094a60 0040c680 f
1 00094a64 00000000 f
1 00094a58 00000000 f
1 00094a5c 00000000 f
1 00094a50 0040c580 f
1 00094a54 00000000 f
1 00094a48 00000020 f
1 00094a4c 00000000 f
1 00094a40 00592480 f
1 00094a44 00000000 f
1 00094a38 00592480 f
1 00094a3c 00000000 f
1 00094a30 00000020 f
1 00094a34 00000000 f
1 00094a30 00000030 f
1 00094a34 00000000 f
0 000924d0
0 000924d4
0 00094a30
0 00094a34
0 00094a30
0 00092580
0 00092584
0 00094a30
0 00094a34
0 00094a30
0 00094a34
1 00094a28 00000031 f
1 00094a2c 00000000 f
1 000949f8 00000031 f
1 000949fc 00000000 f
1 000949f0 00000050 f
1 000949f4 00000000 f
0 00092530
0 00092534
0 00094a30
0 00094a34
0 00092d18
0 00092d1c
0 00092d20
0 00092d24
0 00092508
0 0009250c
0 000924a8
0 000949f0
0 000949f4
0 00096038
0 0009603c
0 00094a30
0 00094a34
0 00094a30
0 00094a34
0 00094a30
0 00094a34
0 00094a30
0 00094a34
0 00094a38
0 00094a3c
0 00094a28
0 00094a2c
1 00094a30 00000035 f
1 00094a34 00000000 f
0 00094a30
0 00094a34
0 00094a38
0 00094a3c
1 00092508 00594060 f
1 0009250c 00000000 f
1 00096038 00000031 f
1 0009603c 00000000 f
0 00094a40
0 00094a44
1 00096068 00020fa1 f
1 0009606c 00000000 f
0 00094a48
0 00094a4c
0 00094a68
0 00094a6c
0 00094a50
0 00094a54
0 00094a58
0 00094a5c
0 00094a60
0 00094a64
1 00092480 00000000 f
0 00094a90
0 00094a94
0 00094a78
0 00094a7c
0 00094a80
0 00094a84
0 00094a88
0 00094a8c
0 00094a98
0 00094a9c
1 00096050 0040c680 f
1 00096054 00000000 f
1 00096058 00000000 f
1 0009605c 00000000 f
0 00094aa0
0 00094aa4
1 00094a98 0041445d f
1 00094a9c 00000000 f
1 00094a88 00000000 f
1 00094a8c 00000000 f
1 00094a78 00594010 f
1 00094a7c 00000000 f
1 00094a80 00594040 f
1 00094a84 00000000 f
1 00094a90 0040c580 f
1 00094a94 00000000 f
0 000806f8
0 000806fc
0 00092478
0 0009247c
0 00092480
1 00092480 00000001 f
1 00094a68 0040f9f8 f
1 00094a6c 00000000 f
0 000924a8
0 000924ac
1 00094a60 0040c680 f
1 00094a64 00000000 f
1 00094a58 00000000 f
1 00094a5c 00000000 f
1 00094a50 0040c580 f
1 00094a54 00000000 f
1 00094a48 00000020 f
1 00094a4c 00000000 f
1 00094a40 00592480 f
1 00094a44 00000000 f
0 000924d0
0 000924d4
1 00094a38 00592480 f
1 00094a3c 00000000 f
1 00094a30 00000020 f
1 00094a34 00000000 f
1 00094a30 00000030 f
1 00094a34 00000000 f
0 00092580
0 00092584
0 00094a30
0 00094a34
0 00094a30
0 00094a34
1 00094a28 00000031 f
1 00094a2c 00000000 f
1 000949f8 00000031 f
1 000949fc 00000000 f
1 000949f0 00000050 f
1 000949f4 00000000 f
0 00092530
0 00092534
0 00094a30
0 00094a34
0 00092d18
0 00092d1c
0 00092d20
0 00092d24
0 00092508
0 0009250c
0 00096068
0 0009606c
0 000949f0
0 000949f4
0 00094a30
0 00094a34
0 00094a30
0 00094a34
0 00094a30
0 00094a34
0 00094a28
0 00094a2c
1 00094a30 00000035 f
1 00094a34 00000000 f
1 00092508 00594090 f
1 0009250c 00000000 f
1 00096068 00000031 f
1 0009606c 00000000 f
1 00096098 00020f71 f
1 0009609c 00000000 f
0 00094a38
0 00094a3c
0 00094a40
0 00094a44
0 00094a48
0 00094a4c
0 00094a50
0 00094a54
0 00094a68
0 00094a6c
0 00094a58
0 00094a5c
0 00094a60
0 00094a64
1 00092480 00000000 f
0 00094a90
0 00094a94
0 00094a78
0 00094a7c
0 00094a80
0 00094a84
0 00094a88
0 00094a8c
0 00094a98
0 00094a9c
0 00094aa0
0 00094aa4
1 00096088 00000000 f
1 0009608c 00000000 f
1 00096080 0040c750 f
1 00096084 00000000 f
0 00080c50
0 00080c54
0 00080c60
0 00080c64
1 00080c48 00594010 f
1 00080c4c 00000000 f
1 00096018 00580c48 f
1 0009601c 00000000 f
0 00080c70
0 00080c74
1 00096010 00580c48 f
1 00096014 00000000 f
1 00080c50 00594010 f
1 00080c54 00000000 f
1 00080c58 00594040 f
1 00080c5c 00000000 f
1 00096048 00580c58 f
1 0009604c 00000000 f
1 00096040 00580c58 f
1 00096044 00000000 f
0 00094aa8
0 00094aac
1 00080c60 00594040 f
1 00080c64 00000000 f
0 00094ac8
0 00094acc
0 00094ab0
0 00094ab4
0 00094ad0
0 00094ad4
1 00080c68 00594070 f
1 00080c6c 00000000 f
0 00094ab8
0 00094abc
0 00094ac0
0 00094ac4
0 00094ad8
0 00094adc
1 00096078 00580c68 f
1 0009607c 00000000 f
0 00092df8
0 00092dfc
0 0007fa00
1 00096070 00580c68 f
1 00096074 00000000 f
1 00080c70 00594070 f
1 00080c74 00000000 f
1 00094ae8 ffffee08 f
1 00094aec 00007fff f
0 00094e08
0 00094e0c
0 00094af0
0 00094af4
0 00092470
0 00092474
0 00094af8
0 00094afc
0 00094b00
0 00094b04
0 00094b08
0 00094b0c
1 000806e0 00000001 f
0 00094b10
0 00094b14
1 00094b08 00000003 f
1 00094b0c 00000000 f
1 00094af8 00471707 f
1 00094afc 00000000 f
1 00094b00 ffffeb40 f
1 00094b04 00007fff f
1 00094b10 00000000 f
1 00094b14 00000000 f
0 000806f8
0 000806fc
0 00092478
0 0009247c
0 00092480
1 00092480 00000001 f
1 00094ae8 0040f9f8 f
1 00094aec 00000000 f
0 000924a8
0 000924ac
1 00094ae0 00000000 f
1 00094ae4 00000000 f
1 00094ad8 ffffede8 f
1 00094adc 00007fff f
1 00094ad0 00000000 f
1 00094ad4 00000000 f
1 00094ac8 00000018 f
1 00094acc 00000000 f
1 00094ac0 00592480 f
1 00094ac4 00000000 f
0 000924c0
0 000924c4
1 00094ab8 00592480 f
1 00094abc 00000000 f
1 00094ab0 00000020 f
1 00094ab4 00000000 f
1 00094ab0 00000020 f
1 00094ab4 00000000 f
0 00092560
0 00092564
0 00094ab0
0 00094ab4
0 00094ab0
0 00094ab4
1 00094aa8 00000021 f
1 00094aac 00000000 f
1 00094a78 00000021 f
1 00094a7c 00000000 f
1 00094a70 00000040 f
1 00094a74 00000000 f
0 00092530
0 00092534
0 00094ab0
0 00094ab4
0 00092d18
0 00092d1c
0 00092d20
0 00092d24
0 00092508
0 0009250c
0 00096098
0 0009609c
0 00094a70
0 00094a74
0 00094ab0
0 00094ab4
0 00094ab0
0 00094ab4
0 00094ab0
0 00094ab4
0 00094aa8
0 00094aac
1 00094ab0 00000025 f
1 00094ab4 00000000 f
1 00092508 005940b0 f
1 0009250c 00000000 f
0 00094ad0
0 00094ad4
0 00094ab8
0 00094abc
1 00096098 00000021 f
1 0009609c 00000000 f
0 00094ac0
0 00094ac4
0 00094ae8
0 00094aec
0 00094ac8
0 00094acc
1 000960b8 00020f51 f
1 000960bc 00000000 f
0 00094ae0
0 00094ae4
0 00094ad8
0 00094adc
1 00092480 00000000 f
0 00094b08
0 00094b0c
0 00094af8
0 00094afc
0 00094b00
0 00094b04
0 00094b10
0 00094b14
0 00094b18
0 00094b1c
1 0007fa50 005940a0 f
1 0007fa54 00000000 f
0 0007fa38
0 0007fa3c
1 00094b18 00432d70 f
1 00094b1c 00000000 f
1 00094b08 005940a0 f
1 00094b0c 00000000 f
1 00094af8 00000002 f
1 00094afc 00000000 f
1 00094b00 ffffeb40 f
1 00094b04 00007fff f
1 00094b10 00000000 f
1 00094b14 00000000 f
0 000806f8
0 000806fc
0 00092478
0 0009247c
0 00092480
1 00092480 00000001 f
1 00094ae8 0040f9f8 f
1 00094aec 00000000 f
0 000924a8
0 000924ac
1 00094ae0 00000000 f
1 00094ae4 00000000 f
1 00094ad8 ffffede8 f
1 00094adc 00007fff f
1 00094ad0 00000000 f
1 00094ad4 00000000 f
1 00094ac8 00000640 f
1 00094acc 00000000 f
1 00094ac0 00592480 f
1 00094ac4 00000000 f
1 00094ab8 00592480 f
1 00094abc 00000000 f
1 00094ab0 00000020 f
1 00094ab4 00000000 f
1 00094ab0 00000650 f
1 00094ab4 00000000 f
0 00094ab0
0 00094ab4
0 00094ab0
0 00094ab4
0 00094ab0
0 00094ab4
1 00094aa8 00000651 f
1 00094aac 00000000 f
1 00094a78 00000651 f
1 00094a7c 00000000 f
1 00094a70 00000670 f
1 00094a74 00000000 f
0 00092530
0 00092534
0 00094ab0
0 00094ab4
0 00092a30
0 00092a34
0 00092d20
0 00092d24
0 00092508
0 0009250c
0 00094a70
0 00094a74
0 000960b8
0 000960bc
0 00094ab0
0 00094ab4
0 00094ab0
0 00094ab4
0 00094ab0
0 00094ab4
0 00094aa8
0 00094aac
1 00094ab0 00000655 f
1 00094ab4 00000000 f
1 00092508 00594700 f
1 0009250c 00000000 f
0 00094ad0
0 00094ad4
0 00094ab8
0 00094abc
1 000960b8 00000651 f
1 000960bc 00000000 f
0 00094ac0
0 00094ac4
0 00094ae8
0 00094aec
0 00094ac8
0 00094acc
1 00096708 00020901 f
1 0009670c 00000000 f
0 00094ae0
0 00094ae4
0 00094ad8
0 00094adc
1 00092480 00000000 f
0 00094b08
0 00094b0c
0 00094af8
0 00094afc
0 00094b00
0 00094b04
0 00094b10
0 00094b14
0 0007fa50
0 0007fa54
0 00094b18
0 00094b1c
1 000960a0 005940c0 f
1 000960a4 00000000 f
0 000960a0
0 000960a4
0 00062660
0 00062664
1 00093528 005940c0 f
1 0009352c 00000000 f
1 0007fa58 00000000 f
1 000960d8 00462670 f
1 000960dc 00000000 f
0 0007fa38
0 0007fa3c
0 00062670
1 000960a0 005940c0 f
1 000960a4 00000000 f
1 000960c8 004627a0 f
1 000960cc 00000000 f
1 000960d0 00000000 f
1 000960d4 00000000 f
1 000960e0 00000007 f
1 000960e4 00000000 f
1 000960e8 00000000 f
1 000960c0 00594110 f
1 000960c4 00000000 f
0 00062668
0 0006266c
1 00096128 00462678 f
1 0009612c 00000000 f
1 000960a8 00594110 f
1 000960ac 00000000 f
0 00062678
1 00096118 004627a0 f
1 0009611c 00000000 f
0 0007fa38
0 0007fa3c
1 00096120 00000000 f
1 00096124 00000000 f
1 00096130 0000000b f
1 00096134 00000000 f
1 00096138 00000000 f
1 00096110 00000000 f
1 00096114 00000000 f
1 000930f8 0000000b f
1 000930fc 00000000 f
1 000960b0 00000000 f
1 000960b4 00000000 f
0 00093528
0 0009352c
1 0007fa20 ffffffff f
1 0007fa24 ffffffff f
1 00093500 005940c0 f
1 00093504 00000000 f
0 00094b30
0 00094b34
0 00094b28
0 00094b2c
0 00094b38
0 00094b3c
0 00094b40
0 00094b44
0 00094b48
0 00094b4c
1 00094b48 00415ce5 f
1 00094b4c 00000000 f
1 00094b30 00000003 f
1 00094b34 00000000 f
1 00094b40 ffffede8 f
1 00094b44 00007fff f
1 00094b20 00471707 f
1 00094b24 00000000 f
1 00094b28 ffffede8 f
1 00094b2c 00007fff f
1 00094b38 00000003 f
1 00094b3c 00000000 f
1 00094b18 0041a345 f
1 00094b1c 00000000 f
0 0005ed60
0 0005ed60
0 0005ed60
0 0005ed64
0 0005ed64
0 0005ed64
0 0005ed64
0 0005ed68
0 0005ed6c
0 00094b18
0 00094b1c
0 00092df8
0 00092dfc
0 0005ed60
0 0005ed60
0 00094e08
0 00094e0c
0 0005ed60
0 00094b30
0 00094b34
0 00094b48
0 00094b4c
0 00094b20
0 00094b24
0 00094b40
0 00094b44
0 00094b28
0 00094b2c
0 00094b38
0 00094b3c
0 00071704
1 000934d8 00000001 f
1 00094b48 00415d05 f
1 00094b4c 00000000 f
1 00094b30 00000003 f
1 00094b34 00000000 f
1 00094b40 ffffede8 f
1 00094b44 00007fff f
1 00094b20 00471707 f
1 00094b24 00000000 f
1 00094b28 ffffede8 f
1 00094b2c 00007fff f
1 00094b38 00000003 f
1 00094b3c 00000000 f
1 00094b18 0041a345 f
1 00094b1c 00000000 f
0 0005ed6c
0 0005ed6c
0 0005ed6c
0 0005ed70
0 0005ed74
0 0005ed78
0 0005ed7c
0 00094b18
0 00094b1c
0 00092df8
0 00092dfc
0 0005ed6c
0 0005ed6c
0 0005ed6c
0 00094e08
0 00094e0c
0 00094b30
0 00094b34
0 00094b48
0 00094b4c
0 00094b20
0 00094b24
0 00094b40
0 00094b44
0 00094b28
0 00094b2c
0 00094b38
0 00094b3c
0 00071704
1 000934f8 00000001 f
1 00094b48 00415d25 f
1 00094b4c 00000000 f
1 00094b30 00000003 f
1 00094b34 00000000 f
1 00094b40 ffffede8 f
1 00094b44 00007fff f
1 00094b20 00471707 f
1 00094b24 00000000 f
1 00094b28 ffffede8 f
1 00094b2c 00007fff f
1 00094b38 00000003 f
1 00094b3c 00000000 f
1 00094b18 0041a345 f
1 00094b1c 00000000 f
0 0005ed78
0 0005ed78
0 0005ed7c
0 0005ed7c
0 0005ed7c
0 0005ed7c
0 0005ed80
0 0005ed84
0 00094b18
0 00094b1c
0 00092df8
0 00092dfc
0 0005ed78
0 0005ed78
0 0005ed78
0 00094e08
0 00094e0c
0 00094b30
0 00094b34
0 00094b48
0 00094b4c
0 00094b20
0 00094b24
0 00094b40
0 00094b44
0 00094b28
0 00094b2c
0 00094b38
0 00094b3c
0 00071704
1 000934c8 00000000 f
1 00094b48 00415d45 f
1 00094b4c 00000000 f
1 00094b30 00000003 f
1 00094b34 00000000 f
1 00094b40 ffffede8 f
1 00094b44 00007fff f
1 00094b20 00471707 f
1 00094b24 00000000 f
1 00094b28 ffffede8 f
1 00094b2c 00007fff f
1 00094b38 00000003 f
1 00094b3c 00000000 f
1 00094b18 0041a345 f
1 00094b1c 00000000 f
0 0005ed84
0 0005ed84
0 0005ed88
0 0005ed8c
0 0005ed90
0 0005ed94
0 00094b18
0 00094b1c
0 00092df8
0 00092dfc
0 0005ed84
0 0005ed84
0 0005ed84
0 00094e08
0 00094e0c
0 00094b30
0 00094b34
0 00094b48
0 00094b4c
0 00094b20
0 00094b24
0 00094b40
0 00094b44
0 00094b28
0 00094b2c
0 00094b38
0 00094b3c
0 00071704
1 000934f4 00000001 f
1 00094b48 00415d64 f
1 00094b4c 00000000 f
1 00094b30 00000003 f
1 00094b34 00000000 f
1 00094b40 ffffede8 f
1 00094b44 00007fff f
1 00094b20 00471707 f
1 00094b24 00000000 f
1 00094b28 ffffede8 f
1 00094b2c 00007fff f
1 00094b38 00000003 f
1 00094b3c 00000000 f
1 00094b18 0041a345 f
1 00094b1c 00000000 f
0 0005ed94
0 0005ed94
0 0005ed98
0 0005ed9c
0 0005eda0
0 0005eda4
0 00094b18
0 00094b1c
0 00092df8
0 00092dfc
0 0005ed94
0 0005ed94
0 0005ed94
0 00094e08
0 00094e0c
0 00094b30
0 00094b34
0 00094b48
0 00094b4c
0 00094b20
0 00094b24
0 00094b40
0 00094b44
0 00094b28
0 00094b2c
0 00094b38
0 00094b3c
0 0007fa00
1 00093480 0045ed33 f
1 00093484 00000000 f
0 000934d0
0 000934d4
1 000807a0 00010000 f
1 000807a4 00000000 f
1 00080798 00008000 f
1 0008079c 00000000 f
1 00080790 00100000 f
1 00080794 00000000 f
1 00080788 00080000 f
1 0008078c 00000000 f
1 00094b48 00415e79 f
1 00094b4c 00000000 f
1 00094b30 00000003 f
1 00094b34 00000000 f
1 00094b40 ffffede8 f
1 00094b44 00007fff f
1 00094b20 42004200 f
1 00094b24 00000000 f
1 00094b28 ffffede8 f
1 00094b2c 00007fff f
1 00094b38 00000003 f
1 00094b3c 00000000 f
1 00094b18 0041a345 f
1 00094b1c 00000000 f
0 0005edb8
0 0005edbc
0 0005edc0
0 0005edc4
0 0005edc8
0 0005edcc
0 00094b18
0 00094b1c
0 00092df8
0 00092dfc
0 0005edb8
0 0005edb8
0 0005edb8
0 00094e08
0 00094e0c
0 00094b30
0 00094b34
0 00094b48
0 00094b4c
0 00094b20
0 00094b24
0 00094b40
0 00094b44
0 00094b28
0 00094b2c
0 00094b38
0 00094b3c
0 000934d0
0 000934d4
0 000934e0
0 000934e4
0 00093510
0 00093514
0 00094b58
0 00094b5c
0 00094b60
0 00094b64
0 00094b68
0 00094b6c
0 00094b70
0 00094b74
0 00094b78
0 00094b7c
0 00000040
0 00000078
0 000000b0
0 000000e8
0 000000ec
1 00080770 00000006 f
0 00094b58
0 00094b5c
0 00094b60
0 00094b64
0 00094b68
0 00094b6c
0 00094b70
0 00094b74
0 00094b78
0 00094b7c
0 00094b80
0 00094b84
0 00094b88
0 00094b8c
0 00094b90
0 00094b94
1 00094b90 00000000 f
1 00094b94 00000000 f
1 00094b88 ffffebc0 f
1 00094b8c 00007fff f
0 00094de8
0 00094dec
1 00094b78 0041419b f
1 00094b7c 00000000 f
1 00094b70 ffffede8 f
1 00094b74 00007fff f
1 00094b68 ffffef69 f
1 00094b6c 00007fff f
1 00094b58 0042a63e f
1 00094b5c 00000000 f
0 00094f68
0 00094b58
0 00094b5c
1 00094b58 0042a63e f
1 00094b5c 00000000 f
0 00094f68
0 00094f68
0 00094f6c
0 00094f6c
0 00094f6c
0 00094b58
0 00094b5c
1 00094b58 0042a63e f
1 00094b5c 00000000 f
0 00094f6c
0 00094f70
0 00094f74
0 00094b58
0 00094b5c
1 00094b58 0042a63e f
1 00094b5c 00000000 f
0 00094f74
0 00094f78
0 00094f7c
0 00094b58
0 00094b5c
1 00094b58 0042a63e f
1 00094b5c 00000000 f
0 00094f7c
0 00094f7c
0 00094f7c
0 00094f7c
0 00094f80
0 00094f84
0 00094b58
0 00094b5c
1 00094b58 0042a63e f
1 00094b5c 00000000 f
0 00094f80
0 00094f80
0 00094f84
0 00094f84
0 00094f84
0 00094f84
0 00094f88
0 00094f8c
0 00094b58
0 00094b5c
1 00094b58 0042a63e f
1 00094b5c 00000000 f
0 00094f8c
0 00094f8c
0 00094f8c
0 00094f90
0 00094f94
0 00094b58
0 00094b5c
1 00094b58 0042a63e f
1 00094b5c 00000000 f
0 00094f90
0 00094f94
0 00094f94
0 00094f94
0 00094b58
0 00094b5c
1 00094b58 0042a63e f
1 00094b5c 00000000 f
0 00094f94
0 00094f98
0 00094f9c
0 00094b58
0 00094b5c
1 00094b58 0042a63e f
1 00094b5c 00000000 f
0 00094f98
0 00094f9c
0 00094f9c
0 00094f9c
0 00094f9c
0 00094fa0
0 00094fa4
0 00094b58
0 00094b5c
1 00094b58 0042a63e f
1 00094b5c 00000000 f
0 00094fa0
0 00094fa0
0 00094fa0
0 00094fa4
0 00094fa4
0 00094fa4
0 00094b58
0 00094b5c
0 00094b90
0 00094b94
0 00094b68
0 00094b6c
0 00094b70
0 00094b74
0 00094b78
0 00094b7c
1 00080720 ffffefa1 f
1 00080724 00007fff f
0 00094b88
0 00094b8c
0 00094de8
0 00094dec
1 00080728 ffffef69 f
1 0008072c 00007fff f
0 00094b98
0 00094b9c
0 00094ba8
0 00094bac
0 00094ba8
0 00094bac
1 00094b98 00409b73 f
1 00094b9c 00000000 f
1 00094b80 ffffebc0 f
1 00094b84 00007fff f
1 00094b88 00000000 f
1 00094b8c 00000000 f
1 00094b90 ffffec42 f
1 00094b94 00007fff f
1 00094b78 0040aaa1 f
1 00094b7c 00000000 f
1 00094b70 00000000 f
1 00094b74 00000000 f
1 00094b68 00000000 f
1 00094b6c 00000000 f
1 00094b60 0040a060 f
1 00094b64 00000000 f
0 0007fee8
0 0007feec
0 00092048
0 0009204c
1 00092048 00000000 f
1 0009204c 00000000 f
0 00092040
0 00092044
1 00092048 00000001 f
1 0009204c 00000000 f
1 00092050 00000001 f
1 00092054 00000000 f
0 00094b60
0 00094b64
0 00094b68
0 00094b6c
0 00094b70
0 00094b74
0 00094b78
0 00094b7c
1 00092050 00000004 f
1 00092054 00000000 f
1 00092058 0040a060 f
1 0009205c 00000000 f
1 00092060 00000000 f
1 00092064 00000000 f
0 00094b90
0 00094b94
1 00092068 00000000 f
1 0009206c 00000000 f
0 00094b80
0 00094b84
0 00094b88
0 00094b8c
0 00094b98
0 00094b9c
0 0007fa00
0 00094bb0
0 00094bb4
0 00094bb0
0 00094bb4
1 00094b98 00409b8d f
1 00094b9c 00000000 f
1 00094b90 00000000 f
1 00094b94 00000000 f
1 00094b88 ffffebc0 f
1 00094b8c 00007fff f
1 00094b78 0040a024 f
1 00094b7c 00000000 f
1 00094b68 00400181 f
1 00094b6c 00000000 f
0 0007fad0
0 0007fad4
0 00094b68
0 00094b6c
1 00094b68 00400186 f
1 00094b6c 00000000 f
1 00094b60 00000000 f
1 00094b64 00000000 f
1 00094b58 0040024d f
1 00094b5c 00000000 f
1 00094b48 00000000 f
1 00094b4c 00000000 f
1 00094b50 ffffeb60 f
1 00094b54 00007fff f
0 00076448
0 00094b48
0 00094b4c
0 0007fa60
0 0007fa64
1 000814c0 00000000 f
1 000814c4 00000000 f
1 000814c0 000007f8 3
0 00091570
0 00091574
1 000814a0 ffffffff f
1 000814a4 ffffffff f
0 00094b50
0 00094b54
0 00094b58
0 00094b5c
1 000814a8 00000000 f
1 000814ac 00000000 f
1 000814b0 00000000 f
1 000814b4 00000000 f
1 000814b8 00476448 f
1 000814bc 00000000 f
1 000814c8 00000000 f
1 000814cc 00000000 f
1 00091570 005814a0 f
1 00091574 00000000 f
0 0007f030
0 0007f034
0 00094b60
0 00094b64
0 00094b68
0 00094b6c
1 00094b68 0040018b f
1 00094b6c 00000000 f
1 00094b60 00000000 f
1 00094b64 00000000 f
1 00094b58 00000000 f
1 00094b5c 00000000 f
0 0007f008
0 0007f00c
1 00094b48 0045ccb6 f
1 00094b4c 00000000 f
1 00094b38 0057f000 f
1 00094b3c 00000000 f
1 00094b40 ffffeb60 f
1 00094b44 00007fff f
0 00094b38
0 00094b3c
0 00091fe8
0 00091fec
1 00091fe8 ff0a0d00 f
1 00091fec 00000000 f
1 00094b18 0040a0f1 f
1 00094b1c 00000000 f
0 00092e60
0 00094b18
0 00094b1c
0 00094b18
0 00094b1c
1 00094b18 0040a109 f
1 00094b1c 00000000 f
0 00092e60
0 00094b18
0 00094b1c
1 00094b18 0040a113 f
1 00094b1c 00000000 f
0 00092e60
0 00094b18
0 00094b1c
0 00094b18
0 00094b1c
0 00094b38
0 00094b3c
0 00094b40
0 00094b44
0 00094b48
0 00094b4c
0 0007f000
0 0007f004
0 00094b68
0 00094b6c
0 00094b60
0 00094b64
0 00094b58
0 00094b5c
0 00094b78
0 00094b7c
0 00094b88
0 00094b8c
0 00094b90
0 00094b94
0 00094b98
0 00094b9c
1 00094b98 00409b95 f
1 00094b9c 00000000 f
1 00094b88 ffffebc0 f
1 00094b8c 00007fff f
1 00094b90 00000000 f
1 00094b94 00000000 f
0 00091fe8
0 00091fec
0 00094b98
0 00094b9c
0 00094b88
0 00094b8c
0 00094b90
0 00094b94
0 00094bb8
0 00094bbc
0 00092df8
0 00092dfc
1 00094b98 00409ba6 f
1 00094b9c 00000000 f
1 00094b90 00000000 f
1 00094b94 00000000 f
1 00094b88 00400287 f
1 00094b8c 00000000 f
1 00094ae0 ffffee08 f
1 00094ae4 00007fff f
1 00094ad8 ffffede8 f
1 00094adc 00007fff f
1 00094ae8 00000000 f
1 00094aec 00000000 f
1 00094af0 fefefeff f
1 00094af4 fefefefe f
1 00094af8 2f2f2f2f f
1 00094afc 2f2f2f2f f
0 000806d0
0 000806d4
1 00094ab0 00000008 f
1 00094ab4 00000030 f
1 00094ab8 ffffeb90 f
1 00094abc 00007fff f
1 00094ac0 ffffead0 f
1 00094ac4 00007fff f
1 00094aa8 0040ab75 f
1 00094aac 00000000 f
1 00094aa0 ffffeb90 f
1 00094aa4 00007fff f
1 00094a98 00000000 f
1 00094a9c 00000000 f
1 00094a90 ffffede8 f
1 00094a94 00007fff f
1 00094a88 00000003 f
1 00094a8c 00000000 f
1 00094a80 ffffec42 f
1 00094a84 00007fff f
1 00094a78 ffffebc0 f
1 00094a7c 00007fff f
1 00094560 ffffeab0 f
1 00094564 00007fff f
1 00094570 005801e0 f
1 00094574 00000000 f
1 00094568 0045d464 f
1 0009456c 00000000 f
0 00092e60
1 00094558 00000000 f
1 0009455c 00000000 f
1 00094418 0041bbd9 f
1 0009441c 00000000 f
0 00094570
0 00094574
0 00092e94
1 00094524 00000000 f
1 00094528 00000000 f
0 00094570
0 00094574
0 00094568
0 0009456c
0 00094560
0 00094564
0 00080288
0 00094568
0 0009456c
1 00080288 ffffffff f
0 000801e0
0 00094ab0
0 00094ab4
0 00094ab8
0 00094abc
1 00094550 ffffffff f
1 00094554 ffffffff f
1 0009452c 00000000 f
1 00094660 00000008 f
1 00094664 00000030 f
0 00094ac0
0 00094ac4
1 00094668 ffffeb90 f
1 0009466c 00007fff f
1 00094608 00000000 f
1 0009460c 00000000 f
0 0005d464
1 00094670 ffffead0 f
1 00094674 00007fff f
1 00094418 0041bc9c f
1 0009441c 00000000 f
1 00094410 ffffec42 f
1 00094414 00007fff f
1 00094408 ffffeaa0 f
1 0009440c 00007fff f
0 0005d464
1 00094400 005801e0 f
1 00094404 00000000 f
0 00094418
0 0009441c
1 00094608 00000000 f
0 00094400
0 00094404
0 00094408
0 0009440c
0 00094410
0 00094414
0 0005d464
1 00094608 00000000 f
0 0005d464
0 00094418
0 0009441c
0 00094400
0 00094404
0 00094408
0 0009440c
0 00094410
0 00094414
0 0005d464
1 00094608 00000000 f
0 0005d464
0 0005d464
1 00094608 00000000 f
0 0005d464
0 0005d468
1 00094608 00000000 f
0 0005d468
0 0005d468
1 00094608 00000000 f
0 0005d468
0 0005d468
1 00094608 00000000 f
0 0005d468
0 0005d468
1 00094608 00000000 f
0 0005d468
0 0005d46c
1 00094608 00000000 f
0 0005d46c
0 0005d46c
1 00094608 00000000 f
0 0005d46c
0 0005d46c
1 00094608 00000000 f
0 0005d46c
0 00094418
0 0009441c
0 00094400
0 00094404
0 00094408
0 0009440c
0 00094410
0 00094414
0 0005d46c
1 00094608 00000000 f
0 0005d46c
0 0005d470
1 00094608 00000000 f
0 0005d470
0 0005d470
0 00094418
0 0009441c
0 00094400
0 00094404
0 00094408
0 0009440c
0 00094410
0 00094414
0 00094570
0 00094574
1 00094540 0045d471 f
1 00094544 00000000 f
1 000945f8 0045d471 f
1 000945fc 00000000 f
1 00094520 00000000 f
0 000801e0
0 00094570
0 00094574
1 00094418 0041dcd6 f
1 0009441c 00000000 f
0 00094418
0 0009441c
0 00094570
0 00094574
0 00094568
0 0009456c
0 00094568
0 0009456c
0 000945f8
0 000945fc
0 00094570
0 00094574
0 00094568
0 000802b8
0 000802bc
0 00061078
0 0006107c
1 00094418 0041bd2b f
1 0009441c 00000000 f
1 000943f0 ffffeaa0 f
1 000943f4 00007fff f
1 000943f8 0045d471 f
1 000943fc 00000000 f
1 00094400 00000003 f
1 00094404 00000000 f
1 00094408 ffffede8 f
1 0009440c 00007fff f
1 00094410 00000000 f
1 00094414 00000000 f
1 000943e8 0000000d f
1 000943ec 00000000 f
1 000943d0 00000000 f
0 000801e0
0 00080210
0 00080214
0 00080208
0 0008020c
0 000943d0
0 000802b8
0 000802bc
0 00080220
0 00080224
0 00080218
0 0008021c
0 00061058
0 0006105c
1 000943c8 00429576 f
1 000943cc 00000000 f
1 000943c0 0045d464 f
1 000943c4 00000000 f
1 000943b8 0000000d f
1 000943bc 00000000 f
1 000943b0 0000000d f
1 000943b4 00000000 f
0 000801e0
0 00080200
0 00080204
0 00080288
1 000943a8 00428a65 f
1 000943ac 00000000 f
1 000943a0 0000000d f
1 000943a4 00000000 f
0 00080218
0 0008021c
0 000801e0
0 000802b8
0 000802bc
0 000943a0
0 000943a4
0 000610a8
0 000610ac
1 00094398 0040b737 f
1 0009439c 00000000 f
1 00094390 005801e0 f
1 00094394 00000000 f
1 00094388 005801e0 f
1 0009438c 00000000 f
0 00080250
0 000802b8
0 000802bc
0 00094300
0 00094320
0 00094324
0 000610d0
0 000610d4
1 000942e8 0044bf08 f
1 000942ec 00000000 f
0 00080250
1 000942e0 005801e0 f
1 000942e4 00000000 f
0 000942e8
0 000942ec
0 000942e0
0 000942e4
0 00094308
0 00094318
0 0009431c
0 000801e0
1 000801e0 fbad2284 f
0 00094328
0 0009432c
1 000942e8 0044bf53 f
1 000942ec 00000000 f
0 000942e8
0 000942ec
1 000942e8 0044bf6f f
1 000942ec 00000000 f
1 000942c8 005801e0 f
1 000942cc 00000000 f
1 000942d0 00002000 f
1 000942d4 00000000 f
0 000801e0
1 000942d8 ffffffff f
1 000942dc 00000000 f
1 000942e0 0000000d f
1 000942e4 00000000 f
0 00080218
0 0008021c
0 000801e0
0 000942e8
0 000942ec
1 00080218 f7ffd000 f
1 0008021c 00007fff f
1 00080220 f7fff000 f
1 00080224 00007fff f
1 000801e0 fbad2284 f
0 000942c8
0 000942cc
0 000942d0
0 000942d4
0 000942d8
0 000942dc
0 000942e0
0 000942e4
0 00094388
0 0009438c
0 00094390
0 00094394
0 00094398
0 0009439c
0 000943a0
0 000943a4
0 000943a8
0 000943ac
0 00080218
0 0008021c
0 000801e0
1 000801f8 f7ffd000 f
1 000801fc 00007fff f
1 000801e8 f7ffd000 f
1 000801ec 00007fff f
1 000801f0 f7ffd000 f
1 000801f4 00007fff f
0 000801e0
0 00080288
0 00080220
0 00080224
0 000801f0
0 000801f4
1 00080208 f7ffd000 f
1 0008020c 00007fff f
1 00080200 f7ffd000 f
1 00080204 00007fff f
1 000801e8 f7ffd000 f
1 000801ec 00007fff f
1 000801f8 f7ffd000 f
1 000801fc 00007fff f
1 000801e0 fbad2a84 f
1 00080210 f7ffd000 f
1 00080214 00007fff f
0 000943b8
0 000943bc
0 000943b0
0 000943b4
0 000943c0
0 000943c4
1 000943c0 0000000d f
1 000943c4 00000000 f
0 000943c0
0 000943c4
0 000943c8
0 000943cc
0 00080220
0 00080224
0 00080218
0 0008021c
1 000943c8 004295b2 f
1 000943cc 00000000 f
1 000943c0 005801e0 f
1 000943c4 00000000 f
1 000943b8 0000000d f
1 000943bc 00000000 f
1 000943b0 0045d464 f
1 000943b4 00000000 f
1 000943a8 0000000d f
1 000943ac 00000000 f
1 000943a0 00002000 f
1 000943a4 00000000 f
0 00080208
0 0008020c
0 00080210
0 00080214
0 000802b8
0 000802bc
0 0005d464
0 00080208
0 0008020c
0 00080210
0 00080214
0 00061058
0 0006105c
1 00094398 0040b81f f
1 0009439c 00000000 f
0 000801e0
1 00094390 0000000d f
1 00094394 00000000 f
1 00094388 0000000d f
1 0009438c 00000000 f
1 00094380 0045d465 f
1 00094384 00000000 f
0 00080200
0 00080204
0 00080208
0 0008020c
0 000801e0
0 00080220
0 00080224
0 00080208
0 0008020c
0 000801e0
1 00097000 00000048 1
0 00080208
0 0008020c
1 00080208 f7ffd001 f
1 0008020c 00007fff f
0 00094380
0 00094384
0 00094388
0 0009438c
0 00094390
0 00094394
0 00094398
0 0009439c
0 00080208
0 0008020c
0 00080210
0 00080214
0 000802b8
0 000802bc
0 0005d464
0 00080208
0 0008020c
0 00080210
0 00080214
0 00061058
0 0006105c
1 00094398 0040b81f f
1 0009439c 00000000 f
0 000801e0
1 00094390 0000000c f
1 00094394 00000000 f
1 00094388 0000000d f
1 0009438c 00000000 f
1 00094380 0045d466 f
1 00094384 00000000 f
0 00080200
0 00080204
0 00080208
0 0008020c
0 000801e0
0 00080220
0 00080224
0 00080208
0 0008020c
1 00097000 00006500 2
1 00080208 f7ffd002 f
1 0008020c 00007fff f
0 00094380
0 00094384
0 00094388
0 0009438c
0 00094390
0 00094394
0 00094398
0 0009439c
0 00080208
0 0008020c
0 00080210
0 00080214
0 000802b8
0 000802bc
0 0005d464
0 00080208
0 0008020c
0 00080210
0 00080214
0 00061058
0 0006105c
1 00094398 0040b81f f
1 0009439c 00000000 f
0 000801e0
1 00094390 0000000b f
1 00094394 00000000 f
1 00094388 0000000d f
1 0009438c 00000000 f
1 00094380 0045d467 f
1 00094384 00000000 f
0 00080200
0 00080204
0 00080208
0 0008020c
0 000801e0
0 00080220
0 00080224
0 00080208
0 0008020c
1 00097000 006c0000 4
1 00080208 f7ffd003 f
1 0008020c 00007fff f
0 00094380
0 00094384
0 00094388
0 0009438c
0 00094390
0 00094394
0 00094398
0 0009439c
0 00080208
0 0008020c
0 00080210
0 00080214
0 000802b8
0 000802bc
0 0005d464
0 00080208
0 0008020c
0 00080210
0 00080214
0 00061058
0 0006105c
1 00094398 0040b81f f
1 0009439c 00000000 f
0 000801e0
1 00094390 0000000a f
1 00094394 00000000 f
1 00094388 0000000d f
1 0009438c 00000000 f
1 00094380 0045d468 f
1 00094384 00000000 f
0 00080200
0 00080204
0 00080208
0 0008020c
0 000801e0
0 00080220
0 00080224
0 00080208
0 0008020c
1 00097000 6c000000 8
1 00080208 f7ffd004 f
1 0008020c 00007fff f
0 00094380
0 00094384
0 00094388
0 0009438c
0 00094390
0 00094394
0 00094398
0 0009439c
0 00080208
0 0008020c
0 00080210
0 00080214
0 000802b8
0 000802bc
0 0005d468
0 000801e0
0 00061058
0 0006105c
1 00094398 0040b81f f
1 0009439c 00000000 f
1 00094390 00000009 f
1 00094394 00000000 f
1 00094388 0000000d f
1 0009438c 00000000 f
1 00094380 0045d469 f
1 00094384 00000000 f
0 000801e0
0 00080200
0 00080204
0 00080208
0 0008020c
0 00080220
0 00080224
0 00080208
0 0008020c
1 00097004 0000006f 1
1 00080208 f7ffd005 f
1 0008020c 00007fff f
0 00094380
0 00094384
0 00094388
0 0009438c
0 00094390
0 00094394
0 00094398
0 0009439c
0 00080208
0 0008020c
0 00080210
0 00080214
0 000802b8
0 000802bc
0 0005d468
0 000801e0
0 00061058
0 0006105c
1 00094398 0040b81f f
1 0009439c 00000000 f
1 00094390 00000008 f
1 00094394 00000000 f
1 00094388 0000000d f
1 0009438c 00000000 f
1 00094380 0045d46a f
1 00094384 00000000 f
0 00080200
0 00080204
0 000801e0
0 00080208
0 0008020c
0 00080220
0 00080224
0 00080208
0 0008020c
1 00097004 00002000 2
1 00080208 f7ffd006 f
1 0008020c 00007fff f
0 00094380
0 00094384
0 00094388
0 0009438c
0 00094390
0 00094394
0 00094398
0 0009439c
0 00080208
0 0008020c
0 00080210
0 00080214
0 000802b8
0 000802bc
0 0005d468
0 000801e0
0 00061058
0 0006105c
1 00094398 0040b81f f
1 0009439c 00000000 f
1 00094390 00000007 f
1 00094394 00000000 f
1 00094388 0000000d f
1 0009438c 00000000 f
1 00094380 0045d46b f
1 00094384 00000000 f
0 000801e0
0 00080200
0 00080204
0 00080208
0 0008020c
0 00080220
0 00080224
0 00080208
0 0008020c
1 00097004 00770000 4
1 00080208 f7ffd007 f
1 0008020c 00007fff f
0 00094380
0 00094384
0 00094388
0 0009438c
0 00094390
0 00094394
0 00094398
0 0009439c
0 00080208
0 0008020c
0 00080210
0 00080214
0 000802b8
0 000802bc
0 0005d468
0 000801e0
0 00061058
0 0006105c
1 00094398 0040b81f f
1 0009439c 00000000 f
1 00094390 00000006 f
1 00094394 00000000 f
1 00094388 0000000d f
1 0009438c 00000000 f
1 00094380 0045d46c f
1 00094384 00000000 f
0 000801e0
0 00080200
0 00080204
0 00080208
0 0008020c
0 00080220
0 00080224
0 00080208
0 0008020c
1 00097004 6f000000 8
1 00080208 f7ffd008 f
1 0008020c 00007fff f
0 00094380
0 00094384
0 00094388
0 0009438c
0 00094390
0 00094394
0 00094398
0 0009439c
0 00080208
0 0008020c
0 00080210
0 00080214
0 000802b8
0 000802bc
0 0005d46c
0 000801e0
0 00061058
0 0006105c
1 00094398 0040b81f f
1 0009439c 00000000 f
1 00094390 00000005 f
1 00094394 00000000 f
1 00094388 0000000d f
1 0009438c 00000000 f
1 00094380 0045d46d f
1 00094384 00000000 f
0 000801e0
0 00080200
0 00080204
0 00080208
0 0008020c
0 00080220
0 00080224
0 00080208
0 0008020c
1 00097008 00000072 1
1 00080208 f7ffd009 f
1 0008020c 00007fff f
0 00094380
0 00094384
0 00094388
0 0009438c
0 00094390
0 00094394
0 00094398
0 0009439c
0 00080208
0 0008020c
0 00080210
0 00080214
0 000802b8
0 000802bc
0 0005d46c
0 000801e0
0 00061058
0 0006105c
1 00094398 0040b81f f
1 0009439c 00000000 f
1 00094390 00000004 f
1 00094394 00000000 f
1 00094388 0000000d f
1 0009438c 00000000 f
1 00094380 0045d46e f
1 00094384 00000000 f
0 000801e0
0 00080200
0 00080204
0 00080208
0 0008020c
0 00080220
0 00080224
0 00080208
0 0008020c
1 00097008 00006c00 2
1 00080208 f7ffd00a f
1 0008020c 00007fff f
0 00094380
0 00094384
0 00094388
0 0009438c
0 00094390
0 00094394
0 00094398
0 0009439c
0 00080208
0 0008020c
0 00080210
0 00080214
0 000802b8
0 000802bc
0 0005d46c
0 000801e0
0 00061058
0 0006105c
1 00094398 0040b81f f
1 0009439c 00000000 f
1 00094390 00000003 f
1 00094394 00000000 f
1 00094388 0000000d f
1 0009438c 00000000 f
1 00094380 0045d46f f
1 00094384 00000000 f
0 000801e0
0 00080200
0 00080204
0 00080208
0 0008020c
0 00080220
0 00080224
0 00080208
0 0008020c
1 00097008 00640000 4
1 00080208 f7ffd00b f
1 0008020c 00007fff f
0 00094380
0 00094384
0 00094388
0 0009438c
0 00094390
0 00094394
0 00094398
0 0009439c
0 00080208
0 0008020c
0 00080210
0 00080214
0 000802b8
0 000802bc
0 0005d46c
0 000801e0
0 00061058
0 0006105c
1 00094398 0040b81f f
1 0009439c 00000000 f
1 00094390 00000002 f
1 00094394 00000000 f
1 00094388 0000000d f
1 0009438c 00000000 f
1 00094380 0045d470 f
1 00094384 00000000 f
0 000801e0
0 00080200
0 00080204
0 00080208
0 0008020c
0 00080220
0 00080224
0 00080208
0 0008020c
1 00097008 21000000 8
1 00080208 f7ffd00c f
1 0008020c 00007fff f
0 00094380
0 00094384
0 00094388
0 0009438c
0 00094390
0 00094394
0 00094398
0 0009439c
0 00080208
0 0008020c
0 00080210
0 00080214
0 000802b8
0 000802bc
0 0005d470
0 000801e0
0 00061058
0 0006105c
1 00094398 0040b81f f
1 0009439c 00000000 f
1 00094390 00000001 f
1 00094394 00000000 f
1 00094388 0000000d f
1 0009438c 00000000 f
1 00094380 0045d471 f
1 00094384 00000000 f
0 000801e0
0 00080200
0 00080204
0 00080208
0 0008020c
0 00080220
0 00080224
0 00080208
0 0008020c
1 0009700c 0000000a 1
1 00080208 f7ffd00d f
1 0008020c 00007fff f
0 00080200
0 00080204
1 00094378 00428b05 f
1 0009437c 00000000 f
1 00094370 0045d471 f
1 00094374 00000000 f
1 00094368 00427ea5 f
1 0009436c 00000000 f
1 00094350 0000000d f
1 00094354 00000000 f
1 00094358 005801e0 f
1 0009435c 00000000 f
0 000801e0
1 00094360 0000000a f
1 00094364 00000000 f
0 000801f0
0 000801f4
0 00080200
0 00080204
0 000802b8
0 000802bc
0 00080288
0 00080218
0 0008021c
0 000610b8
0 000610bc
1 00094348 00427db4 f
1 0009434c 00000000 f
1 00094318 005801e0 f
1 0009431c 00000000 f
1 00094320 0000000d f
1 00094324 00000000 f
1 00094328 f7ffd000 f
1 0009432c 00007fff f
1 00094330 005801e0 f
1 00094334 00000000 f
1 00094338 0000000d f
1 0009433c 00000000 f
1 00094340 00000000 f
1 00094344 00000000 f
0 00080254
0 00080250
1 00094308 004293d4 f
1 0009430c 00000000 f
0 00092e60
0 00094308
0 0009430c
0 00080270
0 00080274
0 00094318
0 0009431c
0 00094338
0 0009433c
0 00094320
0 00094324
0 00094340
0 00094344
0 00094328
0 0009432c
0 00094330
0 00094334
0 00094348
0 0009434c
0 00080288
0 00080218
0 0008021c
0 00080260
1 000801f8 f7ffd000 f
1 000801fc 00007fff f
1 000801e8 f7ffd000 f
1 000801ec 00007fff f
1 000801f0 f7ffd000 f
1 000801f4 00007fff f
0 000801e0
1 00080208 f7ffd000 f
1 0008020c 00007fff f
1 00080200 f7ffd000 f
1 00080204 00007fff f
1 00080210 f7ffd000 f
1 00080214 00007fff f
0 00094350
0 00094354
0 00094358
0 0009435c
0 00094360
0 00094364
0 00094368
0 0009436c
0 00094378
0 0009437c
0 00094370
0 00094374
0 00094380
0 00094384
0 00094388
0 0009438c
0 00094390
0 00094394
0 00094398
0 0009439c
0 00080208
0 0008020c
0 00080210
0 00080214
0 000943b8
0 000943bc
0 000943a0
0 000943a4
0 000943a8
0 000943ac
0 000943b0
0 000943b4
0 000943c0
0 000943c4
0 000943c8
0 000943cc
0 000943f0
0 000943f4
0 00094418
0 0009441c
0 000943e8
0 000943ec
0 00094408
0 0009440c
0 00094410
0 00094414
0 000943f8
0 000943fc
0 00094400
0 00094404
1 0009454c ffffffff f
0 000945f8
0 000945fc
0 00094568
1 0009454c 0000000d f
0 0005d470
0 00094570
0 00094574
0 0009454c
0 00094520
0 00094a78
0 00094a7c
0 000801e0
1 00094418 0041dcf6 f
1 0009441c 00000000 f
0 00094418
0 0009441c
0 00094520
0 00094a78
0 00094a7c
0 0009454c
0 00094a80
0 00094a84
0 00094a88
0 00094a8c
0 00094a90
0 00094a94
0 00094a98
0 00094a9c
0 00094aa0
0 00094aa4
0 00094aa8
0 00094aac
0 00094b88
0 00094b8c
0 00094b90
0 00094b94
0 00094b98
0 00094b9c
1 00094b98 00409bad f
1 00094b9c 00000000 f
1 00094b90 00000000 f
1 00094b94 00000000 f
1 00094b88 ffffebc0 f
1 00094b8c 00007fff f
0 0007fee8
0 0007feec
0 0007fee8
0 0007feec
0 00092048
0 0009204c
1 00092048 00000000 f
1 0009204c 00000000 f
0 00092050
0 00092054
0 00092060
0 00092064
0 00092058
0 0009205c
1 00094b78 0040a8e4 f
1 00094b7c 00000000 f
1 00094b70 ffffebc0 f
1 00094b74 00007fff f
0 00094b70
0 00094b74
1 00094b68 0045d44d f
1 00094b6c 00000000 f
0 00081480
1 00094b60 00000000 f
1 00094b64 00000000 f
0 0007fb10
0 0007fb14
0 0007f020
0 0007f024
1 0007fb10 0057f028 f
1 0007fb14 00000000 f
1 00094b58 004001fd f
1 00094b5c 00000000 f
0 00093430
0 00093434
0 00094b58
0 00094b5c
0 0007fb10
0 0007fb14
0 0007f028
0 0007f02c
1 00094b58 00400220 f
1 00094b5c 00000000 f
1 00094b50 ffffebc0 f
1 00094b54 00007fff f
0 00076448
0 0007fa60
0 0007fa64
0 00091570
0 00091574
0 00091570
0 00091574
0 00091578
0 0009157c
0 000814b8
0 000814bc
0 0007fa60
0 0007fa64
0 00094b58
0 00094b5c
0 00094b50
0 00094b54
0 000814c8
0 000814cc
0 00094b60
0 00094b64
0 00094b68
0 00094b6c
1 00091570 00000000 f
1 00091574 00000000 f
0 00094b78
0 00094b7c
1 00081480 00000001 1
0 0007fee8
0 0007feec
0 00092048
0 0009204c
0 00092040
0 00092044
1 0007fee8 00000000 f
1 0007feec 00000000 f
0 000763f8
0 000763fc
1 00094b78 0040a927 f
1 00094b7c 00000000 f
1 00094b70 00000000 f
1 00094b74 00000000 f
1 00094b68 004763f8 f
1 00094b6c 00000000 f
1 00094b58 0040bffd f
1 00094b5c 00000000 f
1 00094b50 ffffede8 f
1 00094b54 00007fff f
1 00094b48 00000003 f
1 00094b4c 00000000 f
1 00094b40 ffffec42 f
1 00094b44 00007fff f
1 00094b38 00000000 f
1 00094b3c 00000000 f
1 00094b30 004763f8 f
1 00094b34 00000000 f
0 00092450
0 0007ff40
0 0007ff44
1 00092458 0057ff60 f
1 0009245c 00000000 f
0 00080008
0 0007ff80
0 0007ff84
0 0007ff88
0 0007ff8c
0 00092450
1 00092458 00000000 f
1 0009245c 00000000 f
0 0007ffc8
0 0007ffcc
1 00092458 005801e0 f
1 0009245c 00000000 f
0 00080288
0 00080200
0 00080204
0 00080208
0 0008020c
0 00092450
1 00092458 00000000 f
1 0009245c 00000000 f
