# phase3 matrix column-major 8x8 one doubleword per cache line
0 3 0 0000000000002000
0 3 0 0000000000002080
0 3 0 0000000000002100
0 3 0 0000000000002180
0 3 0 0000000000002200
0 3 0 0000000000002280
0 3 0 0000000000002300
0 3 0 0000000000002380
0 3 0 0000000000002010
0 3 0 0000000000002090
0 3 0 0000000000002110
0 3 0 0000000000002190
0 3 0 0000000000002210
0 3 0 0000000000002290
0 3 0 0000000000002310
0 3 0 0000000000002390
0 3 0 0000000000002020
0 3 0 00000000000020a0
0 3 0 0000000000002120
0 3 0 00000000000021a0
0 3 0 0000000000002220
0 3 0 00000000000022a0
0 3 0 0000000000002320
0 3 0 00000000000023a0
0 3 0 0000000000002030
0 3 0 00000000000020b0
0 3 0 0000000000002130
0 3 0 00000000000021b0
0 3 0 0000000000002230
0 3 0 00000000000022b0
0 3 0 0000000000002330
0 3 0 00000000000023b0
0 3 0 0000000000002040
0 3 0 00000000000020c0
0 3 0 0000000000002140
0 3 0 00000000000021c0
0 3 0 0000000000002240
0 3 0 00000000000022c0
0 3 0 0000000000002340
0 3 0 00000000000023c0
0 3 0 0000000000002050
0 3 0 00000000000020d0
0 3 0 0000000000002150
0 3 0 00000000000021d0
0 3 0 0000000000002250
0 3 0 00000000000022d0
0 3 0 0000000000002350
0 3 0 00000000000023d0
0 3 0 0000000000002060
0 3 0 00000000000020e0
0 3 0 0000000000002160
0 3 0 00000000000021e0
0 3 0 0000000000002260
0 3 0 00000000000022e0
0 3 0 0000000000002360
0 3 0 00000000000023e0
0 3 0 0000000000002070
0 3 0 00000000000020f0
0 3 0 0000000000002170
0 3 0 00000000000021f0
0 3 0 0000000000002270
0 3 0 00000000000022f0
0 3 0 0000000000002370
0 3 0 00000000000023f0
