# phase3 matrix row-major 8x8 one doubleword per cache line
0 3 0 0000000000001000
0 3 0 0000000000001010
0 3 0 0000000000001020
0 3 0 0000000000001030
0 3 0 0000000000001040
0 3 0 0000000000001050
0 3 0 0000000000001060
0 3 0 0000000000001070
0 3 0 0000000000001080
0 3 0 0000000000001090
0 3 0 00000000000010a0
0 3 0 00000000000010b0
0 3 0 00000000000010c0
0 3 0 00000000000010d0
0 3 0 00000000000010e0
0 3 0 00000000000010f0
0 3 0 0000000000001100
0 3 0 0000000000001110
0 3 0 0000000000001120
0 3 0 0000000000001130
0 3 0 0000000000001140
0 3 0 0000000000001150
0 3 0 0000000000001160
0 3 0 0000000000001170
0 3 0 0000000000001180
0 3 0 0000000000001190
0 3 0 00000000000011a0
0 3 0 00000000000011b0
0 3 0 00000000000011c0
0 3 0 00000000000011d0
0 3 0 00000000000011e0
0 3 0 00000000000011f0
0 3 0 0000000000001200
0 3 0 0000000000001210
0 3 0 0000000000001220
0 3 0 0000000000001230
0 3 0 0000000000001240
0 3 0 0000000000001250
0 3 0 0000000000001260
0 3 0 0000000000001270
0 3 0 0000000000001280
0 3 0 0000000000001290
0 3 0 00000000000012a0
0 3 0 00000000000012b0
0 3 0 00000000000012c0
0 3 0 00000000000012d0
0 3 0 00000000000012e0
0 3 0 00000000000012f0
0 3 0 0000000000001300
0 3 0 0000000000001310
0 3 0 0000000000001320
0 3 0 0000000000001330
0 3 0 0000000000001340
0 3 0 0000000000001350
0 3 0 0000000000001360
0 3 0 0000000000001370
0 3 0 0000000000001380
0 3 0 0000000000001390
0 3 0 00000000000013a0
0 3 0 00000000000013b0
0 3 0 00000000000013c0
0 3 0 00000000000013d0
0 3 0 00000000000013e0
0 3 0 00000000000013f0
