# phase3 mixed pointer-style load/store update
1 3 0 0000000000004150 4700000000000000
0 3 0 0000000000004060
0 3 0 00000000000040c0
0 3 0 0000000000004130
1 3 0 0000000000004230 4700000000000004
0 3 0 0000000000004260
0 3 0 0000000000004120
0 3 0 00000000000041a0
1 3 0 0000000000004040 4700000000000008
0 3 0 0000000000004290
0 3 0 00000000000042d0
0 3 0 0000000000004220
1 3 0 00000000000041d0 470000000000000c
0 3 0 00000000000041f0
0 3 0 0000000000004020
0 3 0 0000000000004170
1 3 0 0000000000004180 4700000000000010
0 3 0 0000000000004210
0 3 0 0000000000004140
0 3 0 00000000000042c0
1 3 0 0000000000004190 4700000000000014
0 3 0 00000000000042a0
0 3 0 0000000000004070
0 3 0 0000000000004150
1 3 0 0000000000004060 4700000000000018
0 3 0 00000000000040c0
0 3 0 0000000000004130
0 3 0 0000000000004230
1 3 0 0000000000004260 470000000000001c
0 3 0 0000000000004120
0 3 0 00000000000041a0
0 3 0 0000000000004040
1 3 0 0000000000004290 4700000000000020
0 3 0 00000000000042d0
0 3 0 0000000000004220
0 3 0 00000000000041d0
1 3 0 00000000000041f0 4700000000000024
0 3 0 0000000000004020
0 3 0 0000000000004170
0 3 0 0000000000004180
1 3 0 0000000000004210 4700000000000028
0 3 0 0000000000004140
0 3 0 00000000000042c0
0 3 0 0000000000004190
1 3 0 00000000000042a0 470000000000002c
0 3 0 0000000000004070
0 3 0 0000000000004150
0 3 0 0000000000004060
1 3 0 00000000000040c0 4700000000000030
0 3 0 0000000000004130
0 3 0 0000000000004230
0 3 0 0000000000004260
1 3 0 0000000000004120 4700000000000034
0 3 0 00000000000041a0
0 3 0 0000000000004040
0 3 0 0000000000004290
1 3 0 00000000000042d0 4700000000000038
0 3 0 0000000000004220
0 3 0 00000000000041d0
0 3 0 00000000000041f0
1 3 0 0000000000004020 470000000000003c
0 3 0 0000000000004170
0 3 0 0000000000004180
0 3 0 0000000000004210
