# phase3 deterministic pointer-chase permutation
0 3 0 00000000000030a0
0 3 0 00000000000032c0
0 3 0 00000000000033d0
0 3 0 0000000000003300
0 3 0 0000000000003260
0 3 0 00000000000033a0
0 3 0 0000000000003020
0 3 0 0000000000003380
0 3 0 0000000000003040
0 3 0 0000000000003290
0 3 0 0000000000003080
0 3 0 00000000000033b0
0 3 0 0000000000003060
0 3 0 0000000000003280
0 3 0 0000000000003100
0 3 0 00000000000031f0
0 3 0 00000000000030b0
0 3 0 0000000000003120
0 3 0 0000000000003110
0 3 0 00000000000032d0
0 3 0 0000000000003390
0 3 0 00000000000030d0
0 3 0 0000000000003140
0 3 0 00000000000032a0
0 3 0 0000000000003190
0 3 0 0000000000003240
0 3 0 00000000000030c0
0 3 0 00000000000033e0
0 3 0 0000000000003170
0 3 0 0000000000003350
0 3 0 0000000000003090
0 3 0 0000000000003360
0 3 0 00000000000031e0
0 3 0 0000000000003030
0 3 0 00000000000032b0
0 3 0 00000000000032f0
0 3 0 0000000000003050
0 3 0 0000000000003150
0 3 0 00000000000032e0
0 3 0 00000000000033f0
0 3 0 0000000000003200
0 3 0 0000000000003010
0 3 0 0000000000003220
0 3 0 00000000000030f0
0 3 0 00000000000031a0
0 3 0 0000000000003130
0 3 0 0000000000003000
0 3 0 0000000000003330
0 3 0 00000000000033c0
0 3 0 0000000000003310
0 3 0 00000000000030e0
0 3 0 0000000000003070
0 3 0 0000000000003230
0 3 0 00000000000031d0
0 3 0 0000000000003340
0 3 0 0000000000003370
0 3 0 0000000000003320
0 3 0 0000000000003210
0 3 0 0000000000003160
0 3 0 00000000000031b0
0 3 0 0000000000003180
0 3 0 0000000000003250
0 3 0 00000000000031c0
0 3 0 0000000000003270
